error: unknown option '--max-workers=2'
